// Jest Snapshot v1, https://goo.gl/fbAQLP

exports[`Pruebas en <About /> Debe de mostrarse correctamente 1`] = `
<Fragment>
  <h2>
    Sobre mí
  </h2>
  <styled.div>
    <styled.div>
      <styled.img
        alt="Astronout"
      />
      <styled.img
        alt="Profile Image"
      />
      <styled.div>
        <h1>
          "Daniel Sáez"
        </h1>
        <span />
      </styled.div>
    </styled.div>
  </styled.div>
</Fragment>
`;
