// Jest Snapshot v1, https://goo.gl/fbAQLP

exports[`Pruebas en <Contact /> Debe de mostrarse corrctamente 1`] = `
<div>
  <h1>
    Contacto
  </h1>
  <styled.form
    onSubmit={[Function]}
  >
    <styled.input
      autoComplete="off"
      name="email"
      onBlur={[Function]}
      onChange={[Function]}
      placeholder="Email"
      type="text"
    />
    <styled.div>
      <styled.p>
        * Required
      </styled.p>
    </styled.div>
    <styled.textarea
      autoComplete="off"
      name="message"
      onBlur={[Function]}
      onChange={[Function]}
      placeholder="Mensaje"
    />
    <styled.div>
      <styled.p>
        * Required
      </styled.p>
    </styled.div>
    <styled.button
      type="submit"
    >
      Enviar
    </styled.button>
  </styled.form>
</div>
`;
