// Jest Snapshot v1, https://goo.gl/fbAQLP

exports[`Pruebas en <Contact /> Debe de mostrarse corrctamente 1`] = `
<div>
  <h1>
    Contacto
  </h1>
  <form
    className="sc-bdvvtL jipeuy"
    onSubmit={[Function]}
  >
    <input
      autoComplete="off"
      className="sc-gsDKAQ ekTxYs"
      name="email"
      onBlur={[Function]}
      onChange={[Function]}
      placeholder="Email"
      type="text"
    />
    <div
      className="sc-gKclnd eurpVI"
    >
      <p
        className="sc-jRQBWg dCITNH"
      >
        * Required
      </p>
    </div>
    <textarea
      autoComplete="off"
      className="sc-dkPtRN iFcrya"
      name="message"
      onBlur={[Function]}
      onChange={[Function]}
      placeholder="Mensaje"
    />
    <div
      className="sc-gKclnd eurpVI"
    >
      <p
        className="sc-jRQBWg dCITNH"
      >
        * Required
      </p>
    </div>
    <button
      className="sc-hKwDye hWyEWZ"
      type="submit"
    >
      Enviar
    </button>
  </form>
</div>
`;
