// Jest Snapshot v1, https://goo.gl/fbAQLP

exports[`Pruebas en <Proyects /> debe de funcionar correctamente 1`] = `
<div>
  <h2>
    Proyectos
  </h2>
  <styled.div>
    <Card
      description="Clásica calculadora básica con dark & light mode."
      key="0"
      link="https://www.google.com"
      technologies={
        Array [
          "React",
        ]
      }
      title="Calculadora"
    />
    <Card
      description=""
      key="1"
      link="https://www.google.com"
      technologies={
        Array [
          "React",
          "NodeJS",
          "MongoDB",
        ]
      }
      title="Proyecto 2"
    />
    <Card
      description=""
      key="2"
      link="https://www.google.com"
      technologies={
        Array [
          "React",
          "NodeJS",
          "MongoDB",
        ]
      }
      title="Proyecto 3"
    />
    <Card
      description=""
      key="3"
      link="https://www.google.com"
      technologies={
        Array [
          "React",
          "NodeJS",
          "MongoDB",
        ]
      }
      title="Proyecto 4"
    />
    <Card
      description=""
      key="4"
      link="https://www.google.com"
      technologies={
        Array [
          "React",
          "NodeJS",
          "MongoDB",
        ]
      }
      title="Proyecto 5"
    />
    <Card
      description=""
      key="5"
      link="https://www.google.com"
      technologies={
        Array [
          "React",
          "NodeJS",
          "MongoDB",
        ]
      }
      title="Proyecto 6"
    />
  </styled.div>
</div>
`;
